------------------------------------------------------------
TimeQuest Timing Analyzer Summary
------------------------------------------------------------

Type  : Slow 1200mV 85C Model Setup 'clk'
Slack : -1.833
TNS   : -6.216

Type  : Slow 1200mV 85C Model Setup 'down'
Slack : -1.672
TNS   : -6.124

Type  : Slow 1200mV 85C Model Hold 'down'
Slack : -0.506
TNS   : -1.727

Type  : Slow 1200mV 85C Model Hold 'clk'
Slack : 1.894
TNS   : 0.000

Type  : Slow 1200mV 85C Model Minimum Pulse Width 'clk'
Slack : -3.000
TNS   : -8.140

Type  : Slow 1200mV 85C Model Minimum Pulse Width 'down'
Slack : -3.000
TNS   : -3.000

Type  : Slow 1200mV 0C Model Setup 'down'
Slack : -1.573
TNS   : -5.786

Type  : Slow 1200mV 0C Model Setup 'clk'
Slack : -1.560
TNS   : -5.214

Type  : Slow 1200mV 0C Model Hold 'down'
Slack : -0.407
TNS   : -1.362

Type  : Slow 1200mV 0C Model Hold 'clk'
Slack : 1.704
TNS   : 0.000

Type  : Slow 1200mV 0C Model Minimum Pulse Width 'clk'
Slack : -3.000
TNS   : -8.140

Type  : Slow 1200mV 0C Model Minimum Pulse Width 'down'
Slack : -3.000
TNS   : -3.000

Type  : Fast 1200mV 0C Model Setup 'clk'
Slack : -1.022
TNS   : -3.574

Type  : Fast 1200mV 0C Model Setup 'down'
Slack : -0.286
TNS   : -0.845

Type  : Fast 1200mV 0C Model Hold 'down'
Slack : -0.349
TNS   : -1.233

Type  : Fast 1200mV 0C Model Hold 'clk'
Slack : 1.520
TNS   : 0.000

Type  : Fast 1200mV 0C Model Minimum Pulse Width 'clk'
Slack : -3.000
TNS   : -7.240

Type  : Fast 1200mV 0C Model Minimum Pulse Width 'down'
Slack : -3.000
TNS   : -3.000

------------------------------------------------------------
